// Jest Snapshot v1, https://goo.gl/fbAQLP

exports[`Header component snapshot 1`] = `
<div>
  <div
    class="container"
  >
    <h1
      class="header"
    >
      test
    </h1>
  </div>
</div>
`;
