// Jest Snapshot v1, https://goo.gl/fbAQLP

exports[`Portal component snapshot 1`] = `<div />`;
