// Jest Snapshot v1, https://goo.gl/fbAQLP

exports[`CardList component snapshot 1`] = `
<div>
  <ul
    class="container"
  >
    <li
      class="item"
    >
      <a
        href="/"
      >
        <div
          class="container"
        >
          <div
            class="imageContainer"
          >
            <span
              style="box-sizing: border-box; display: inline-block; overflow: hidden; background: none; opacity: 1; border: 0px; margin: 0px; padding: 0px; position: relative; max-width: 100%;"
            >
              <span
                style="box-sizing: border-box; display: block; background: none; opacity: 1; border: 0px; margin: 0px; padding: 0px; max-width: 100%;"
              >
                <img
                  alt=""
                  aria-hidden="true"
                  src="data:image/svg+xml,%3csvg%20xmlns=%27http://www.w3.org/2000/svg%27%20version=%271.1%27%20width=%27300%27%20height=%27300%27/%3e"
                  style="display: block; max-width: 100%; background: none; opacity: 1; border: 0px; margin: 0px; padding: 0px;"
                />
              </span>
              <img
                alt="test1"
                data-nimg="intrinsic"
                decoding="async"
                src="data:image/gif;base64,R0lGODlhAQABAIAAAAAAAP///yH5BAEAAAAALAAAAAABAAEAAAIBRAA7"
                style="position: absolute; top: 0px; left: 0px; bottom: 0px; right: 0px; box-sizing: border-box; padding: 0px; margin: auto; display: block; width: 0px; height: 0px; min-width: 100%; max-width: 100%; min-height: 100%; max-height: 100%;"
              />
              <noscript />
            </span>
          </div>
          <div
            class="content"
          >
            <h2
              class="title"
            >
              test1
            </h2>
          </div>
        </div>
      </a>
    </li>
    <li
      class="item"
    >
      <a
        href="/"
      >
        <div
          class="container"
        >
          <div
            class="imageContainer"
          >
            <span
              style="box-sizing: border-box; display: inline-block; overflow: hidden; background: none; opacity: 1; border: 0px; margin: 0px; padding: 0px; position: relative; max-width: 100%;"
            >
              <span
                style="box-sizing: border-box; display: block; background: none; opacity: 1; border: 0px; margin: 0px; padding: 0px; max-width: 100%;"
              >
                <img
                  alt=""
                  aria-hidden="true"
                  src="data:image/svg+xml,%3csvg%20xmlns=%27http://www.w3.org/2000/svg%27%20version=%271.1%27%20width=%27300%27%20height=%27300%27/%3e"
                  style="display: block; max-width: 100%; background: none; opacity: 1; border: 0px; margin: 0px; padding: 0px;"
                />
              </span>
              <img
                alt="test2"
                data-nimg="intrinsic"
                decoding="async"
                src="data:image/gif;base64,R0lGODlhAQABAIAAAAAAAP///yH5BAEAAAAALAAAAAABAAEAAAIBRAA7"
                style="position: absolute; top: 0px; left: 0px; bottom: 0px; right: 0px; box-sizing: border-box; padding: 0px; margin: auto; display: block; width: 0px; height: 0px; min-width: 100%; max-width: 100%; min-height: 100%; max-height: 100%;"
              />
              <noscript />
            </span>
          </div>
          <div
            class="content"
          >
            <h2
              class="title"
            >
              test2
            </h2>
          </div>
        </div>
      </a>
    </li>
    <li
      class="item"
    >
      <a
        href="/"
      >
        <div
          class="container"
        >
          <div
            class="imageContainer"
          >
            <span
              style="box-sizing: border-box; display: inline-block; overflow: hidden; background: none; opacity: 1; border: 0px; margin: 0px; padding: 0px; position: relative; max-width: 100%;"
            >
              <span
                style="box-sizing: border-box; display: block; background: none; opacity: 1; border: 0px; margin: 0px; padding: 0px; max-width: 100%;"
              >
                <img
                  alt=""
                  aria-hidden="true"
                  src="data:image/svg+xml,%3csvg%20xmlns=%27http://www.w3.org/2000/svg%27%20version=%271.1%27%20width=%27300%27%20height=%27300%27/%3e"
                  style="display: block; max-width: 100%; background: none; opacity: 1; border: 0px; margin: 0px; padding: 0px;"
                />
              </span>
              <img
                alt="test3"
                data-nimg="intrinsic"
                decoding="async"
                src="data:image/gif;base64,R0lGODlhAQABAIAAAAAAAP///yH5BAEAAAAALAAAAAABAAEAAAIBRAA7"
                style="position: absolute; top: 0px; left: 0px; bottom: 0px; right: 0px; box-sizing: border-box; padding: 0px; margin: auto; display: block; width: 0px; height: 0px; min-width: 100%; max-width: 100%; min-height: 100%; max-height: 100%;"
              />
              <noscript />
            </span>
          </div>
          <div
            class="content"
          >
            <h2
              class="title"
            >
              test3
            </h2>
          </div>
        </div>
      </a>
    </li>
  </ul>
</div>
`;
